// Jest Snapshot v1, https://goo.gl/fbAQLP

exports[`button component tests snapshot tests should render correctly 1`] = `
<button
  className="ButtonContainer-react-typescript-template__sc-yih1da-0 ikOMwW"
  data-testid="Button"
  disabled={false}
  onClick={[Function]}
  onMouseEnter={[Function]}
  onMouseLeave={[Function]}
  type="button"
>
  text
</button>
`;
